// Vitest Snapshot v1, https://vitest.dev/guide/snapshot.html

exports[`pixelEngine - processImageToGrid > should correctly pool pixels into a grid and match snapshot 1`] = `
{
  "colorMap": {
    "24": {
      "b": 54,
      "g": 53,
      "hex": "#383536",
      "id": 24,
      "name": "Siyah",
      "r": 56,
    },
    "7": {
      "b": 63,
      "g": 10,
      "hex": "#ED0A3F",
      "id": 7,
      "name": "Kırmızı",
      "r": 237,
    },
  },
  "pixelGrid": [
    [
      24,
      7,
    ],
    [
      24,
      0,
    ],
  ],
}
`;
